flowchart TD
  build["build"]
  
  subgraph sg_cmd["cmd"]
    cmd-build["cmd-build"]
    cmd-build --> build
    cmd-build --> cmd-test-unit
    cmd-build --> cmd-test-golden
    
    subgraph sg_cmd-test["cmd-test"]
      cmd-test-golden["cmd-test-golden"]
      
      cmd-test-unit["cmd-test-unit"]
      
    end
  end
